Archive member included to satisfy reference by file (symbol)

../Lib/libstm_startup.a(clock.o)
                              (--whole-archive)
../Lib/libstm_startup.a(system_stm32f0xx.o)
                              (--whole-archive)
../Lib/libstm_startup.a(terminal.o)
                              (--whole-archive)
/Applications/STM32CubeIDE.app/Contents/Eclipse/plugins/com.st.stm32cube.ide.mcu.externaltools.gnu-tools-for-stm32.12.3.rel1.macos64_1.1.0.202410301201/tools/bin/../lib/gcc/arm-none-eabi/12.3.1/../../../../arm-none-eabi/lib/thumb/v6-m/nofp/libc_nano.a(libc_a-exit.o)
                              /Applications/STM32CubeIDE.app/Contents/Eclipse/plugins/com.st.stm32cube.ide.mcu.externaltools.gnu-tools-for-stm32.12.3.rel1.macos64_1.1.0.202410301201/tools/bin/../lib/gcc/arm-none-eabi/12.3.1/../../../../arm-none-eabi/lib/thumb/v6-m/nofp/crt0.o (exit)
/Applications/STM32CubeIDE.app/Contents/Eclipse/plugins/com.st.stm32cube.ide.mcu.externaltools.gnu-tools-for-stm32.12.3.rel1.macos64_1.1.0.202410301201/tools/bin/../lib/gcc/arm-none-eabi/12.3.1/../../../../arm-none-eabi/lib/thumb/v6-m/nofp/libc_nano.a(libc_a-findfp.o)
                              /Applications/STM32CubeIDE.app/Contents/Eclipse/plugins/com.st.stm32cube.ide.mcu.externaltools.gnu-tools-for-stm32.12.3.rel1.macos64_1.1.0.202410301201/tools/bin/../lib/gcc/arm-none-eabi/12.3.1/../../../../arm-none-eabi/lib/thumb/v6-m/nofp/libc_nano.a(libc_a-exit.o) (__stdio_exit_handler)
/Applications/STM32CubeIDE.app/Contents/Eclipse/plugins/com.st.stm32cube.ide.mcu.externaltools.gnu-tools-for-stm32.12.3.rel1.macos64_1.1.0.202410301201/tools/bin/../lib/gcc/arm-none-eabi/12.3.1/../../../../arm-none-eabi/lib/thumb/v6-m/nofp/libc_nano.a(libc_a-fwalk.o)
                              /Applications/STM32CubeIDE.app/Contents/Eclipse/plugins/com.st.stm32cube.ide.mcu.externaltools.gnu-tools-for-stm32.12.3.rel1.macos64_1.1.0.202410301201/tools/bin/../lib/gcc/arm-none-eabi/12.3.1/../../../../arm-none-eabi/lib/thumb/v6-m/nofp/libc_nano.a(libc_a-findfp.o) (_fwalk_sglue)
/Applications/STM32CubeIDE.app/Contents/Eclipse/plugins/com.st.stm32cube.ide.mcu.externaltools.gnu-tools-for-stm32.12.3.rel1.macos64_1.1.0.202410301201/tools/bin/../lib/gcc/arm-none-eabi/12.3.1/../../../../arm-none-eabi/lib/thumb/v6-m/nofp/libc_nano.a(libc_a-memset.o)
                              /Applications/STM32CubeIDE.app/Contents/Eclipse/plugins/com.st.stm32cube.ide.mcu.externaltools.gnu-tools-for-stm32.12.3.rel1.macos64_1.1.0.202410301201/tools/bin/../lib/gcc/arm-none-eabi/12.3.1/../../../../arm-none-eabi/lib/thumb/v6-m/nofp/crt0.o (memset)
/Applications/STM32CubeIDE.app/Contents/Eclipse/plugins/com.st.stm32cube.ide.mcu.externaltools.gnu-tools-for-stm32.12.3.rel1.macos64_1.1.0.202410301201/tools/bin/../lib/gcc/arm-none-eabi/12.3.1/../../../../arm-none-eabi/lib/thumb/v6-m/nofp/libc_nano.a(libc_a-impure.o)
                              /Applications/STM32CubeIDE.app/Contents/Eclipse/plugins/com.st.stm32cube.ide.mcu.externaltools.gnu-tools-for-stm32.12.3.rel1.macos64_1.1.0.202410301201/tools/bin/../lib/gcc/arm-none-eabi/12.3.1/../../../../arm-none-eabi/lib/thumb/v6-m/nofp/libc_nano.a(libc_a-findfp.o) (_impure_data)
/Applications/STM32CubeIDE.app/Contents/Eclipse/plugins/com.st.stm32cube.ide.mcu.externaltools.gnu-tools-for-stm32.12.3.rel1.macos64_1.1.0.202410301201/tools/bin/../lib/gcc/arm-none-eabi/12.3.1/../../../../arm-none-eabi/lib/thumb/v6-m/nofp/libc_nano.a(libc_a-errno.o)
                              ./Src/syscalls.o (__errno)
/Applications/STM32CubeIDE.app/Contents/Eclipse/plugins/com.st.stm32cube.ide.mcu.externaltools.gnu-tools-for-stm32.12.3.rel1.macos64_1.1.0.202410301201/tools/bin/../lib/gcc/arm-none-eabi/12.3.1/../../../../arm-none-eabi/lib/thumb/v6-m/nofp/libc_nano.a(libc_a-init.o)
                              /Applications/STM32CubeIDE.app/Contents/Eclipse/plugins/com.st.stm32cube.ide.mcu.externaltools.gnu-tools-for-stm32.12.3.rel1.macos64_1.1.0.202410301201/tools/bin/../lib/gcc/arm-none-eabi/12.3.1/../../../../arm-none-eabi/lib/thumb/v6-m/nofp/crt0.o (__libc_init_array)
/Applications/STM32CubeIDE.app/Contents/Eclipse/plugins/com.st.stm32cube.ide.mcu.externaltools.gnu-tools-for-stm32.12.3.rel1.macos64_1.1.0.202410301201/tools/bin/../lib/gcc/arm-none-eabi/12.3.1/../../../../arm-none-eabi/lib/thumb/v6-m/nofp/libc_nano.a(libc_a-lock.o)
                              /Applications/STM32CubeIDE.app/Contents/Eclipse/plugins/com.st.stm32cube.ide.mcu.externaltools.gnu-tools-for-stm32.12.3.rel1.macos64_1.1.0.202410301201/tools/bin/../lib/gcc/arm-none-eabi/12.3.1/../../../../arm-none-eabi/lib/thumb/v6-m/nofp/libc_nano.a(libc_a-findfp.o) (__retarget_lock_init_recursive)
/Applications/STM32CubeIDE.app/Contents/Eclipse/plugins/com.st.stm32cube.ide.mcu.externaltools.gnu-tools-for-stm32.12.3.rel1.macos64_1.1.0.202410301201/tools/bin/../lib/gcc/arm-none-eabi/12.3.1/../../../../arm-none-eabi/lib/thumb/v6-m/nofp/libc_nano.a(libc_a-mallocr.o)
[...]
Memory Configuration

Name             Origin             Length             Attributes
RAM              0x20000000         0x00008000         xrw
FLASH            0x08000000         0x00040000         xr
*default*        0x00000000         0xffffffff

Linker script and memory map

LOAD /Applications/STM32CubeIDE.app/Contents/Eclipse/plugins/com.st.stm32cube.ide.mcu.externaltools.gnu-tools-for-stm32.12.3.rel1.macos64_1.1.0.202410301201/tools/bin/../lib/gcc/arm-none-eabi/12.3.1/thumb/v6-m/nofp/crti.o
LOAD /Applications/STM32CubeIDE.app/Contents/Eclipse/plugins/com.st.stm32cube.ide.mcu.externaltools.gnu-tools-for-stm32.12.3.rel1.macos64_1.1.0.202410301201/tools/bin/../lib/gcc/arm-none-eabi/12.3.1/thumb/v6-m/nofp/crtbegin.o
LOAD /Applications/STM32CubeIDE.app/Contents/Eclipse/plugins/com.st.stm32cube.ide.mcu.externaltools.gnu-tools-for-stm32.12.3.rel1.macos64_1.1.0.202410301201/tools/bin/../lib/gcc/arm-none-eabi/12.3.1/../../../../arm-none-eabi/lib/thumb/v6-m/nofp/crt0.o
LOAD ./Src/Statemachine.o
LOAD ./Src/init.o
LOAD ./Src/main.o
LOAD ./Src/syscalls.o
LOAD ./Src/sysmem.o
LOAD ./Startup/startup_stm32f091rctx.o
LOAD ../Lib/libstm_startup.a
START GROUP
LOAD /Applications/STM32CubeIDE.app/Contents/Eclipse/plugins/com.st.stm32cube.ide.mcu.externaltools.gnu-tools-for-stm32.12.3.rel1.macos64_1.1.0.202410301201/tools/bin/../lib/gcc/arm-none-eabi/12.3.1/../../../../arm-none-eabi/lib/thumb/v6-m/nofp/libc_nano.a
LOAD /Applications/STM32CubeIDE.app/Contents/Eclipse/plugins/com.st.stm32cube.ide.mcu.externaltools.gnu-tools-for-stm32.12.3.rel1.macos64_1.1.0.202410301201/tools/bin/../lib/gcc/arm-none-eabi/12.3.1/../../../../arm-none-eabi/lib/thumb/v6-m/nofp/libm.a
END GROUP
START GROUP
LOAD /Applications/STM32CubeIDE.app/Contents/Eclipse/plugins/com.st.stm32cube.ide.mcu.externaltools.gnu-tools-for-stm32.12.3.rel1.macos64_1.1.0.202410301201/tools/bin/../lib/gcc/arm-none-eabi/12.3.1/thumb/v6-m/nofp/libgcc.a
LOAD /Applications/STM32CubeIDE.app/Contents/Eclipse/plugins/com.st.stm32cube.ide.mcu.externaltools.gnu-tools-for-stm32.12.3.rel1.macos64_1.1.0.202410301201/tools/bin/../lib/gcc/arm-none-eabi/12.3.1/../../../../arm-none-eabi/lib/thumb/v6-m/nofp/libc_nano.a
END GROUP
START GROUP
LOAD /Applications/STM32CubeIDE.app/Contents/Eclipse/plugins/com.st.stm32cube.ide.mcu.externaltools.gnu-tools-for-stm32.12.3.rel1.macos64_1.1.0.202410301201/tools/bin/../lib/gcc/arm-none-eabi/12.3.1/thumb/v6-m/nofp/libgcc.a
LOAD /Applications/STM32CubeIDE.app/Contents/Eclipse/plugins/com.st.stm32cube.ide.mcu.externaltools.gnu-tools-for-stm32.12.3.rel1.macos64_1.1.0.202410301201/tools/bin/../lib/gcc/arm-none-eabi/12.3.1/../../../../arm-none-eabi/lib/thumb/v6-m/nofp/libc_nano.a
LOAD /Applications/STM32CubeIDE.app/Contents/Eclipse/plugins/com.st.stm32cube.ide.mcu.externaltools.gnu-tools-for-stm32.12.3.rel1.macos64_1.1.0.202410301201/tools/bin/../lib/gcc/arm-none-eabi/12.3.1/../../../../arm-none-eabi/lib/thumb/v6-m/nofp/libnosys.a
END GROUP
START GROUP
LOAD /Applications/STM32CubeIDE.app/Contents/Eclipse/plugins/com.st.stm32cube.ide.mcu.externaltools.gnu-tools-for-stm32.12.3.rel1.macos64_1.1.0.202410301201/tools/bin/../lib/gcc/arm-none-eabi/12.3.1/thumb/v6-m/nofp/libgcc.a
LOAD /Applications/STM32CubeIDE.app/Contents/Eclipse/plugins/com.st.stm32cube.ide.mcu.externaltools.gnu-tools-for-stm32.12.3.rel1.macos64_1.1.0.202410301201/tools/bin/../lib/gcc/arm-none-eabi/12.3.1/../../../../arm-none-eabi/lib/thumb/v6-m/nofp/libc_nano.a
LOAD /Applications/STM32CubeIDE.app/Contents/Eclipse/plugins/com.st.stm32cube.ide.mcu.externaltools.gnu-tools-for-stm32.12.3.rel1.macos64_1.1.0.202410301201/tools/bin/../lib/gcc/arm-none-eabi/12.3.1/../../../../arm-none-eabi/lib/thumb/v6-m/nofp/libnosys.a
END GROUP
LOAD /Applications/STM32CubeIDE.app/Contents/Eclipse/plugins/com.st.stm32cube.ide.mcu.externaltools.gnu-tools-for-stm32.12.3.rel1.macos64_1.1.0.202410301201/tools/bin/../lib/gcc/arm-none-eabi/12.3.1/thumb/v6-m/nofp/crtend.o
LOAD /Applications/STM32CubeIDE.app/Contents/Eclipse/plugins/com.st.stm32cube.ide.mcu.externaltools.gnu-tools-for-stm32.12.3.rel1.macos64_1.1.0.202410301201/tools/bin/../lib/gcc/arm-none-eabi/12.3.1/thumb/v6-m/nofp/crtn.o
                0x20008000                        _estack = (ORIGIN (RAM) + LENGTH (RAM))
                0x00000200                        _Min_Heap_Size = 0x200
                0x00000400                        _Min_Stack_Size = 0x400

.isr_vector     0x08000000       0xc0
                0x08000000                        . = ALIGN (0x4)
 *(.isr_vector)
 .isr_vector    0x08000000       0xc0 ./Startup/startup_stm32f091rctx.o
                0x08000000                g_pfnVectors
                0x080000c0                        . = ALIGN (0x4)

.text           0x080000c0      0xb44
                0x080000c0                        . = ALIGN (0x4)
 *(.text)
 .text          0x080000c0       0x48 /Applications/STM32CubeIDE.app/Contents/Eclipse/plugins/com.st.stm32cube.ide.mcu.externaltools.gnu-tools-for-stm32.12.3.rel1.macos64_1.1.0.202410301201/tools/bin/../lib/gcc/arm-none-eabi/12.3.1/thumb/v6-m/nofp/crtbegin.o
 .text          0x08000108      0x114 /Applications/STM32CubeIDE.app/Contents/Eclipse/plugins/com.st.stm32cube.ide.mcu.externaltools.gnu-tools-for-stm32.12.3.rel1.macos64_1.1.0.202410301201/tools/bin/../lib/gcc/arm-none-eabi/12.3.1/thumb/v6-m/nofp/libgcc.a(_udivsi3.o)
                0x08000108                __udivsi3
                0x08000108                __aeabi_uidiv
                0x08000214                __aeabi_uidivmod
 .text          0x0800021c        0x4 /Applications/STM32CubeIDE.app/Contents/Eclipse/plugins/com.st.stm32cube.ide.mcu.externaltools.gnu-tools-for-stm32.12.3.rel1.macos64_1.1.0.202410301201/tools/bin/../lib/gcc/arm-none-eabi/12.3.1/thumb/v6-m/nofp/libgcc.a(_dvmd_tls.o)
                0x0800021c                __aeabi_ldiv0
                0x0800021c                __aeabi_idiv0
 *(.text*)
 .text.state_machine_init
                0x08000220       0x48 ./Src/Statemachine.o
                0x08000220                state_machine_init
 .text.state_machine_run
                0x08000268      0x2bc ./Src/Statemachine.o
                0x08000268                state_machine_run
 .text.init_systick
                0x08000524       0x38 ./Src/init.o
                0x08000524                init_systick
 .text.now      0x0800055c       0x14 ./Src/init.o
                0x0800055c                now
 .text.SysTick_Handler
                0x08000570       0x18 ./Src/init.o
                0x08000570                SysTick_Handler
 .text.init_pwm_timer3
                0x08000588      0x108 ./Src/init.o
                0x08000588                init_pwm_timer3
 .text.init_uart2
                0x08000690       0xa0 ./Src/init.o
                0x08000690                init_uart2
 .text.init_uleD
                0x08000730       0x54 ./Src/init.o
                0x08000730                init_uleD
 .text.init_emergency_button
                0x08000784       0x4c ./Src/init.o
                0x08000784                init_emergency_button
 .text.init_all
                0x080007d0       0x1e ./Src/init.o
                0x080007d0                init_all
 .text.main     0x080007ee       0x16 ./Src/main.o
                0x080007ee                main
 .text.Default_Handler
                0x08000804        0x8 ./Startup/startup_stm32f091rctx.o
                0x08000804                TIM1_BRK_UP_TRG_COM_IRQHandler
                0x08000804                TIM1_CC_IRQHandler
                0x08000804                TSC_IRQHandler
                0x08000804                HardFault_Handler
                0x08000804                PendSV_Handler
                0x08000804                NMI_Handler
                0x08000804                I2C1_IRQHandler
                0x08000804                RCC_CRS_IRQHandler
                0x08000804                SPI1_IRQHandler
                0x08000804                TIM6_DAC_IRQHandler
                0x08000804                EXTI2_3_IRQHandler
                0x08000804                I2C2_IRQHandler
                0x08000804                TIM17_IRQHandler
                0x08000804                CEC_CAN_IRQHandler
                0x08000804                RTC_IRQHandler
                0x08000804                PVD_VDDIO2_IRQHandler
                0x08000804                TIM16_IRQHandler
                0x08000804                TIM3_IRQHandler
                0x08000804                EXTI4_15_IRQHandler
                0x08000804                Default_Handler
                0x08000804                DMA1_CH2_3_DMA2_CH1_2_IRQHandler
                0x08000804                TIM14_IRQHandler
                0x08000804                TIM7_IRQHandler
                0x08000804                TIM15_IRQHandler
                0x08000804                EXTI0_1_IRQHandler
                0x08000804                USB_IRQHandler
                0x08000804                SPI2_IRQHandler
                0x08000804                DMA1_CH1_IRQHandler
                0x08000804                SVC_Handler
                0x08000804                WWDG_IRQHandler
                0x08000804                TIM2_IRQHandler
                0x08000804                ADC_COMP_IRQHandler
                0x08000804                USART2_IRQHandler
                0x08000804                USART3_4_5_6_7_8_IRQHandler
                0x08000804                FLASH_IRQHandler
                0x08000804                USART1_IRQHandler
                0x08000804                DMA1_CH4_5_6_7_DMA2_CH3_4_5_IRQHandler
 .text.Reset_Handler
                0x0800080c       0x78 ./Startup/startup_stm32f091rctx.o
                0x0800080c                Reset_Handler
 .text.Set_Clocks_To_48MHz
                0x08000884       0x84 ../Lib/libstm_startup.a(clock.o)
                0x08000884                Set_Clocks_To_48MHz
 .text.SystemInit
                0x08000908       0x90 ../Lib/libstm_startup.a(system_stm32f0xx.o)
                0x08000908                SystemInit
 .text.SystemCoreClockUpdate
                0x08000998      0x120 ../Lib/libstm_startup.a(system_stm32f0xx.o)
                0x08000998                SystemCoreClockUpdate
 .text.Init_USART2
                0x08000ab8       0xec ../Lib/libstm_startup.a(terminal.o)
                0x08000ab8                Init_USART2
 .text.__libc_init_array
                0x08000ba4       0x48 /Applications/STM32CubeIDE.app/Contents/Eclipse/plugins/com.st.stm32cube.ide.mcu.externaltools.gnu-tools-for-stm32.12.3.rel1.macos64_1.1.0.202410301201/tools/bin/../lib/gcc/arm-none-eabi/12.3.1/../../../../arm-none-eabi/lib/thumb/v6-m/nofp/libc_nano.a(libc_a-init.o)
                0x08000ba4                __libc_init_array
 *(.glue_7)
 .glue_7        0x08000bec        0x0 linker stubs
 *(.glue_7t)
 .glue_7t       0x08000bec        0x0 linker stubs
 *(.eh_frame)
 .eh_frame      0x08000bec        0x0 /Applications/STM32CubeIDE.app/Contents/Eclipse/plugins/com.st.stm32cube.ide.mcu.externaltools.gnu-tools-for-stm32.12.3.rel1.macos64_1.1.0.202410301201/tools/bin/../lib/gcc/arm-none-eabi/12.3.1/thumb/v6-m/nofp/crtbegin.o
 *(.init)
 .init          0x08000bec        0x4 /Applications/STM32CubeIDE.app/Contents/Eclipse/plugins/com.st.stm32cube.ide.mcu.externaltools.gnu-tools-for-stm32.12.3.rel1.macos64_1.1.0.202410301201/tools/bin/../lib/gcc/arm-none-eabi/12.3.1/thumb/v6-m/nofp/crti.o
                0x08000bec                _init
 .init          0x08000bf0        0x8 /Applications/STM32CubeIDE.app/Contents/Eclipse/plugins/com.st.stm32cube.ide.mcu.externaltools.gnu-tools-for-stm32.12.3.rel1.macos64_1.1.0.202410301201/tools/bin/../lib/gcc/arm-none-eabi/12.3.1/thumb/v6-m/nofp/crtn.o
 *(.fini)
 .fini          0x08000bf8        0x4 /Applications/STM32CubeIDE.app/Contents/Eclipse/plugins/com.st.stm32cube.ide.mcu.externaltools.gnu-tools-for-stm32.12.3.rel1.macos64_1.1.0.202410301201/tools/bin/../lib/gcc/arm-none-eabi/12.3.1/thumb/v6-m/nofp/crti.o
                0x08000bf8                _fini
 .fini          0x08000bfc        0x8 /Applications/STM32CubeIDE.app/Contents/Eclipse/plugins/com.st.stm32cube.ide.mcu.externaltools.gnu-tools-for-stm32.12.3.rel1.macos64_1.1.0.202410301201/tools/bin/../lib/gcc/arm-none-eabi/12.3.1/thumb/v6-m/nofp/crtn.o
                0x08000c04                        . = ALIGN (0x4)
                0x08000c04                        _etext = .

.vfp11_veneer   0x08000c04        0x0
 .vfp11_veneer  0x08000c04        0x0 linker stubs

.v4_bx          0x08000c04        0x0
 .v4_bx         0x08000c04        0x0 linker stubs

.iplt           0x08000c04        0x0
 .iplt          0x08000c04        0x0 /Applications/STM32CubeIDE.app/Contents/Eclipse/plugins/com.st.stm32cube.ide.mcu.externaltools.gnu-tools-for-stm32.12.3.rel1.macos64_1.1.0.202410301201/tools/bin/../lib/gcc/arm-none-eabi/12.3.1/thumb/v6-m/nofp/crtbegin.o

.rodata         0x08000c04       0x60
                0x08000c04                        . = ALIGN (0x4)
 *(.rodata)
 .rodata        0x08000c04       0x50 ./Src/Statemachine.o
 *(.rodata*)
 .rodata.AHBPrescTable
                0x08000c54       0x10 ../Lib/libstm_startup.a(system_stm32f0xx.o)
                0x08000c54                AHBPrescTable
                0x08000c64                        . = ALIGN (0x4)

.ARM.extab      0x08000c64        0x0
                0x08000c64                        . = ALIGN (0x4)
 *(.ARM.extab* .gnu.linkonce.armextab.*)
                0x08000c64                        . = ALIGN (0x4)

.ARM            0x08000c64        0x0
                0x08000c64                        . = ALIGN (0x4)
                0x08000c64                        __exidx_start = .
 *(.ARM.exidx*)
                0x08000c64                        __exidx_end = .
                0x08000c64                        . = ALIGN (0x4)

.preinit_array  0x08000c64        0x0
                0x08000c64                        . = ALIGN (0x4)
                0x08000c64                        PROVIDE (__preinit_array_start = .)
 *(.preinit_array*)
                0x08000c64                        PROVIDE (__preinit_array_end = .)
                0x08000c64                        . = ALIGN (0x4)

.init_array     0x08000c64        0x4
                0x08000c64                        . = ALIGN (0x4)
                0x08000c64                        PROVIDE (__init_array_start = .)
 *(SORT_BY_NAME(.init_array.*))
 *(.init_array*)
 .init_array    0x08000c64        0x4 /Applications/STM32CubeIDE.app/Contents/Eclipse/plugins/com.st.stm32cube.ide.mcu.externaltools.gnu-tools-for-stm32.12.3.rel1.macos64_1.1.0.202410301201/tools/bin/../lib/gcc/arm-none-eabi/12.3.1/thumb/v6-m/nofp/crtbegin.o
                0x08000c68                        PROVIDE (__init_array_end = .)
                0x08000c68                        . = ALIGN (0x4)

.fini_array     0x08000c68        0x4
                0x08000c68                        . = ALIGN (0x4)
                [!provide]                        PROVIDE (__fini_array_start = .)
 *(SORT_BY_NAME(.fini_array.*))
 *(.fini_array*)
 .fini_array    0x08000c68        0x4 /Applications/STM32CubeIDE.app/Contents/Eclipse/plugins/com.st.stm32cube.ide.mcu.externaltools.gnu-tools-for-stm32.12.3.rel1.macos64_1.1.0.202410301201/tools/bin/../lib/gcc/arm-none-eabi/12.3.1/thumb/v6-m/nofp/crtbegin.o
                [!provide]                        PROVIDE (__fini_array_end = .)
                0x08000c6c                        . = ALIGN (0x4)
                0x08000c6c                        _sidata = LOADADDR (.data)

.rel.dyn        0x08000c6c        0x0
 .rel.iplt      0x08000c6c        0x0 /Applications/STM32CubeIDE.app/Contents/Eclipse/plugins/com.st.stm32cube.ide.mcu.externaltools.gnu-tools-for-stm32.12.3.rel1.macos64_1.1.0.202410301201/tools/bin/../lib/gcc/arm-none-eabi/12.3.1/thumb/v6-m/nofp/crtbegin.o

.data           0x20000000       0x84 load address 0x08000c6c
                0x20000000                        . = ALIGN (0x4)
                0x20000000                        _sdata = .
 *(.data)
 *(.data*)
 .data.stateTable
                0x20000000       0x80 ./Src/Statemachine.o
 .data.SystemCoreClock
                0x20000080        0x4 ../Lib/libstm_startup.a(system_stm32f0xx.o)
                0x20000080                SystemCoreClock
 *(.RamFunc)
 *(.RamFunc*)
                0x20000084                        . = ALIGN (0x4)
                0x20000084                        _edata = .

.igot.plt       0x20000084        0x0 load address 0x08000cf0
 .igot.plt      0x20000084        0x0 /Applications/STM32CubeIDE.app/Contents/Eclipse/plugins/com.st.stm32cube.ide.mcu.externaltools.gnu-tools-for-stm32.12.3.rel1.macos64_1.1.0.202410301201/tools/bin/../lib/gcc/arm-none-eabi/12.3.1/thumb/v6-m/nofp/crtbegin.o
                0x20000084                        . = ALIGN (0x4)

.bss            0x20000084       0x34 load address 0x08000cf0
                0x20000084                        _sbss = .
                0x20000084                        __bss_start__ = _sbss
 *(.bss)
 .bss           0x20000084       0x1c /Applications/STM32CubeIDE.app/Contents/Eclipse/plugins/com.st.stm32cube.ide.mcu.externaltools.gnu-tools-for-stm32.12.3.rel1.macos64_1.1.0.202410301201/tools/bin/../lib/gcc/arm-none-eabi/12.3.1/thumb/v6-m/nofp/crtbegin.o
 *(.bss*)
 .bss.currentState
                0x200000a0        0x1 ./Src/Statemachine.o
 .bss.currentBrightness
                0x200000a1        0x1 ./Src/Statemachine.o
 *fill*         0x200000a2        0x2 
 .bss.stateStartTime
                0x200000a4        0x4 ./Src/Statemachine.o
 .bss.emergencyMode
                0x200000a8        0x1 ./Src/Statemachine.o
 .bss.savedState
                0x200000a9        0x1 ./Src/Statemachine.o
 *fill*         0x200000aa        0x2 
 .bss.savedRemaining
                0x200000ac        0x4 ./Src/Statemachine.o
 .bss.emergencyBrightness
                0x200000b0        0x1 ./Src/Statemachine.o
 *fill*         0x200000b1        0x3 
 .bss.g_time_ms
                0x200000b4        0x4 ./Src/init.o
                0x200000b4                g_time_ms
 *(COMMON)
                0x200000b8                        . = ALIGN (0x4)
                0x200000b8                        _ebss = .
                0x200000b8                        __bss_end__ = _ebss

._user_heap_stack
                0x200000b8      0x600 load address 0x08000cf0
                0x200000b8                        . = ALIGN (0x8)
                [!provide]                        PROVIDE (end = .)
                0x200000b8                        PROVIDE (_end = .)
                0x200002b8                        . = (. + _Min_Heap_Size)
 *fill*         0x200000b8      0x200 
                0x200006b8                        . = (. + _Min_Stack_Size)
 *fill*         0x200002b8      0x400 
                0x200006b8                        . = ALIGN (0x8)

/DISCARD/
 libc.a(*)
 libm.a(*)
 libgcc.a(*)

.ARM.attributes
                0x00000000       0x28
 *(.ARM.attributes)
 .ARM.attributes
                0x00000000       0x1e /Applications/STM32CubeIDE.app/Contents/Eclipse/plugins/com.st.stm32cube.ide.mcu.externaltools.gnu-tools-for-stm32.12.3.rel1.macos64_1.1.0.202410301201/tools/bin/../lib/gcc/arm-none-eabi/12.3.1/thumb/v6-m/nofp/crti.o
 .ARM.attributes
                0x0000001e       0x2c /Applications/STM32CubeIDE.app/Contents/Eclipse/plugins/com.st.stm32cube.ide.mcu.externaltools.gnu-tools-for-stm32.12.3.rel1.macos64_1.1.0.202410301201/tools/bin/../lib/gcc/arm-none-eabi/12.3.1/thumb/v6-m/nofp/crtbegin.o
 .ARM.attributes
                0x0000004a       0x2c ./Src/Statemachine.o
 .ARM.attributes
                0x00000076       0x2c ./Src/init.o
 .ARM.attributes
                0x000000a2       0x2c ./Src/main.o
 .ARM.attributes
                0x000000ce       0x2c ./Startup/startup_stm32f091rctx.o
 .ARM.attributes
                0x000000fa       0x2c ../Lib/libstm_startup.a(clock.o)
 .ARM.attributes
                0x00000126       0x2c ../Lib/libstm_startup.a(system_stm32f0xx.o)
 .ARM.attributes
                0x00000152       0x2c ../Lib/libstm_startup.a(terminal.o)
 .ARM.attributes
                0x0000017e       0x2c /Applications/STM32CubeIDE.app/Contents/Eclipse/plugins/com.st.stm32cube.ide.mcu.externaltools.gnu-tools-for-stm32.12.3.rel1.macos64_1.1.0.202410301201/tools/bin/../lib/gcc/arm-none-eabi/12.3.1/../../../../arm-none-eabi/lib/thumb/v6-m/nofp/libc_nano.a(libc_a-init.o)
 .ARM.attributes
                0x000001aa       0x1e /Applications/STM32CubeIDE.app/Contents/Eclipse/plugins/com.st.stm32cube.ide.mcu.externaltools.gnu-tools-for-stm32.12.3.rel1.macos64_1.1.0.202410301201/tools/bin/../lib/gcc/arm-none-eabi/12.3.1/thumb/v6-m/nofp/libgcc.a(_udivsi3.o)
 .ARM.attributes
                0x000001c8       0x1e /Applications/STM32CubeIDE.app/Contents/Eclipse/plugins/com.st.stm32cube.ide.mcu.externaltools.gnu-tools-for-stm32.12.3.rel1.macos64_1.1.0.202410301201/tools/bin/../lib/gcc/arm-none-eabi/12.3.1/thumb/v6-m/nofp/libgcc.a(_dvmd_tls.o)
 .ARM.attributes
                0x000001e6       0x1e /Applications/STM32CubeIDE.app/Contents/Eclipse/plugins/com.st.stm32cube.ide.mcu.externaltools.gnu-tools-for-stm32.12.3.rel1.macos64_1.1.0.202410301201/tools/bin/../lib/gcc/arm-none-eabi/12.3.1/thumb/v6-m/nofp/crtn.o
OUTPUT(Final_Project_Nimish.elf elf32-littlearm)
LOAD linker stubs
LOAD /Applications/STM32CubeIDE.app/Contents/Eclipse/plugins/com.st.stm32cube.ide.mcu.externaltools.gnu-tools-for-stm32.12.3.rel1.macos64_1.1.0.202410301201/tools/bin/../lib/gcc/arm-none-eabi/12.3.1/../../../../arm-none-eabi/lib/thumb/v6-m/nofp/libc.a
LOAD /Applications/STM32CubeIDE.app/Contents/Eclipse/plugins/com.st.stm32cube.ide.mcu.externaltools.gnu-tools-for-stm32.12.3.rel1.macos64_1.1.0.202410301201/tools/bin/../lib/gcc/arm-none-eabi/12.3.1/../../../../arm-none-eabi/lib/thumb/v6-m/nofp/libm.a
LOAD /Applications/STM32CubeIDE.app/Contents/Eclipse/plugins/com.st.stm32cube.ide.mcu.externaltools.gnu-tools-for-stm32.12.3.rel1.macos64_1.1.0.202410301201/tools/bin/../lib/gcc/arm-none-eabi/12.3.1/thumb/v6-m/nofp/libgcc.a

.comment        0x00000000       0x86
 .comment       0x00000000       0x43 ./Src/Statemachine.o
                                 0x44 (size before relaxing)
 .comment       0x00000043       0x44 ./Src/init.o
 .comment       0x00000043       0x44 ./Src/main.o
 .comment       0x00000043       0x44 ./Startup/startup_stm32f091rctx.o
 .comment       0x00000043       0x43 ../Lib/libstm_startup.a(clock.o)
                                 0x44 (size before relaxing)
 .comment       0x00000086       0x44 ../Lib/libstm_startup.a(system_stm32f0xx.o)
 .comment       0x00000086       0x44 ../Lib/libstm_startup.a(terminal.o)

.debug_info     0x00000000      0x7b5
 .debug_info    0x00000000      0x1f4 ../Lib/libstm_startup.a(clock.o)
 .debug_info    0x000001f4      0x259 ../Lib/libstm_startup.a(system_stm32f0xx.o)
 .debug_info    0x0000044d      0x368 ../Lib/libstm_startup.a(terminal.o)

.debug_abbrev   0x00000000      0x2fe
 .debug_abbrev  0x00000000       0xa5 ../Lib/libstm_startup.a(clock.o)
 .debug_abbrev  0x000000a5      0x130 ../Lib/libstm_startup.a(system_stm32f0xx.o)
 .debug_abbrev  0x000001d5      0x129 ../Lib/libstm_startup.a(terminal.o)

.debug_aranges  0x00000000       0x88
 .debug_aranges
                0x00000000       0x28 ../Lib/libstm_startup.a(clock.o)
 .debug_aranges
                0x00000028       0x28 ../Lib/libstm_startup.a(system_stm32f0xx.o)
 .debug_aranges
                0x00000050       0x38 ../Lib/libstm_startup.a(terminal.o)

.debug_rnglists
                0x00000000       0x5c
 .debug_rnglists
                0x00000000       0x1b ../Lib/libstm_startup.a(clock.o)
 .debug_rnglists
                0x0000001b       0x1b ../Lib/libstm_startup.a(system_stm32f0xx.o)
 .debug_rnglists
                0x00000036       0x26 ../Lib/libstm_startup.a(terminal.o)

.debug_macro    0x00000000    0x133b7
 .debug_macro   0x00000000      0x18c ../Lib/libstm_startup.a(clock.o)
 .debug_macro   0x0000018c      0xa9c ../Lib/libstm_startup.a(clock.o)
 .debug_macro   0x00000c28       0x22 ../Lib/libstm_startup.a(clock.o)
 .debug_macro   0x00000c4a       0x5b ../Lib/libstm_startup.a(clock.o)
 .debug_macro   0x00000ca5       0x24 ../Lib/libstm_startup.a(clock.o)
 .debug_macro   0x00000cc9       0x94 ../Lib/libstm_startup.a(clock.o)
 .debug_macro   0x00000d5d       0x43 ../Lib/libstm_startup.a(clock.o)
 .debug_macro   0x00000da0       0x34 ../Lib/libstm_startup.a(clock.o)
 .debug_macro   0x00000dd4       0x16 ../Lib/libstm_startup.a(clock.o)
 .debug_macro   0x00000dea       0x57 ../Lib/libstm_startup.a(clock.o)
 .debug_macro   0x00000e41       0x9e ../Lib/libstm_startup.a(clock.o)
 .debug_macro   0x00000edf      0x369 ../Lib/libstm_startup.a(clock.o)
 .debug_macro   0x00001248      0x10b ../Lib/libstm_startup.a(clock.o)
 .debug_macro   0x00001353       0x10 ../Lib/libstm_startup.a(clock.o)
 .debug_macro   0x00001363       0x16 ../Lib/libstm_startup.a(clock.o)
 .debug_macro   0x00001379       0x43 ../Lib/libstm_startup.a(clock.o)
 .debug_macro   0x000013bc       0x34 ../Lib/libstm_startup.a(clock.o)
 .debug_macro   0x000013f0       0x10 ../Lib/libstm_startup.a(clock.o)
 .debug_macro   0x00001400       0x58 ../Lib/libstm_startup.a(clock.o)
 .debug_macro   0x00001458       0x8e ../Lib/libstm_startup.a(clock.o)
 .debug_macro   0x000014e6       0x1c ../Lib/libstm_startup.a(clock.o)
 .debug_macro   0x00001502      0x177 ../Lib/libstm_startup.a(clock.o)
 .debug_macro   0x00001679       0x16 ../Lib/libstm_startup.a(clock.o)
 .debug_macro   0x0000168f       0x16 ../Lib/libstm_startup.a(clock.o)
 .debug_macro   0x000016a5      0x146 ../Lib/libstm_startup.a(clock.o)
 .debug_macro   0x000017eb       0x22 ../Lib/libstm_startup.a(clock.o)
 .debug_macro   0x0000180d      0x103 ../Lib/libstm_startup.a(clock.o)
 .debug_macro   0x00001910       0x6a ../Lib/libstm_startup.a(clock.o)
 .debug_macro   0x0000197a      0x1df ../Lib/libstm_startup.a(clock.o)
 .debug_macro   0x00001b59       0x1c ../Lib/libstm_startup.a(clock.o)
 .debug_macro   0x00001b75       0x22 ../Lib/libstm_startup.a(clock.o)
 .debug_macro   0x00001b97       0xdd ../Lib/libstm_startup.a(clock.o)
 .debug_macro   0x00001c74      0x391 ../Lib/libstm_startup.a(clock.o)
 .debug_macro   0x00002005    0x10e4f ../Lib/libstm_startup.a(clock.o)
 .debug_macro   0x00012e54      0x1bd ../Lib/libstm_startup.a(system_stm32f0xx.o)
 .debug_macro   0x00013011       0x8e ../Lib/libstm_startup.a(system_stm32f0xx.o)
 .debug_macro   0x0001309f       0x51 ../Lib/libstm_startup.a(system_stm32f0xx.o)
 .debug_macro   0x000130f0       0x28 ../Lib/libstm_startup.a(system_stm32f0xx.o)
 .debug_macro   0x00013118       0x66 ../Lib/libstm_startup.a(system_stm32f0xx.o)
 .debug_macro   0x0001317e       0x61 ../Lib/libstm_startup.a(system_stm32f0xx.o)
 .debug_macro   0x000131df      0x1aa ../Lib/libstm_startup.a(terminal.o)
 .debug_macro   0x00013389       0x2e ../Lib/libstm_startup.a(terminal.o)

.debug_line     0x00000000     0x14b1
 .debug_line    0x00000000      0x703 ../Lib/libstm_startup.a(clock.o)
 .debug_line    0x00000703      0x6f9 ../Lib/libstm_startup.a(system_stm32f0xx.o)
 .debug_line    0x00000dfc      0x6b5 ../Lib/libstm_startup.a(terminal.o)

.debug_str      0x00000000    0x66306
 .debug_str     0x00000000    0x65ac8 ../Lib/libstm_startup.a(clock.o)
                              0x65cb8 (size before relaxing)
 .debug_str     0x00065ac8      0x669 ../Lib/libstm_startup.a(system_stm32f0xx.o)
                              0x662dc (size before relaxing)
 .debug_str     0x00066131      0x1d5 ../Lib/libstm_startup.a(terminal.o)
                              0x663b6 (size before relaxing)

.debug_frame    0x00000000      0x168
 .debug_frame   0x00000000       0x48 ../Lib/libstm_startup.a(clock.o)
 .debug_frame   0x00000048       0x4c ../Lib/libstm_startup.a(system_stm32f0xx.o)
 .debug_frame   0x00000094       0x88 ../Lib/libstm_startup.a(terminal.o)
 .debug_frame   0x0000011c       0x2c /Applications/STM32CubeIDE.app/Contents/Eclipse/plugins/com.st.stm32cube.ide.mcu.externaltools.gnu-tools-for-stm32.12.3.rel1.macos64_1.1.0.202410301201/tools/bin/../lib/gcc/arm-none-eabi/12.3.1/../../../../arm-none-eabi/lib/thumb/v6-m/nofp/libc_nano.a(libc_a-init.o)
 .debug_frame   0x00000148       0x20 /Applications/STM32CubeIDE.app/Contents/Eclipse/plugins/com.st.stm32cube.ide.mcu.externaltools.gnu-tools-for-stm32.12.3.rel1.macos64_1.1.0.202410301201/tools/bin/../lib/gcc/arm-none-eabi/12.3.1/thumb/v6-m/nofp/libgcc.a(_udivsi3.o)
